// Jest Snapshot v1, https://goo.gl/fbAQLP

exports[`should render \`leak\` view correctly 1`] = `
<div>
  <div
    className="projects-facets-header clearfix"
  >
    <h3>
      filters
    </h3>
  </div>
  <QualityGateFilter
    isFavorite={false}
    query={
      Object {
        "view": "leak",
      }
    }
  />
  <NewReliabilityFilter
    isFavorite={false}
    key="new_reliability"
    query={
      Object {
        "view": "leak",
      }
    }
  />
  <NewSecurityFilter
    isFavorite={false}
    key="new_security"
    query={
      Object {
        "view": "leak",
      }
    }
  />
  <NewMaintainabilityFilter
    isFavorite={false}
    key="new_maintainability"
    query={
      Object {
        "view": "leak",
      }
    }
  />
  <NewCoverageFilter
    isFavorite={false}
    key="new_coverage"
    query={
      Object {
        "view": "leak",
      }
    }
  />
  <NewDuplicationsFilter
    isFavorite={false}
    key="new_duplications"
    query={
      Object {
        "view": "leak",
      }
    }
  />
  <NewLinesFilter
    isFavorite={false}
    key="new_lines"
    query={
      Object {
        "view": "leak",
      }
    }
  />
  <Connect(LanguagesFilter)
    isFavorite={false}
    query={
      Object {
        "view": "leak",
      }
    }
  />
  <TagsFilter
    isFavorite={false}
    query={
      Object {
        "view": "leak",
      }
    }
  />
</div>
`;

exports[`should render correctly 1`] = `
<div>
  <div
    className="projects-facets-header clearfix"
  >
    <ClearAll
      onClearAll={[Function]}
    />
    <h3>
      filters
    </h3>
  </div>
  <QualityGateFilter
    isFavorite={true}
    query={
      Object {
        "size": "3",
      }
    }
  />
  <ReliabilityFilter
    isFavorite={true}
    key="reliability"
    query={
      Object {
        "size": "3",
      }
    }
  />
  <SecurityFilter
    isFavorite={true}
    key="security"
    query={
      Object {
        "size": "3",
      }
    }
  />
  <MaintainabilityFilter
    isFavorite={true}
    key="maintainability"
    query={
      Object {
        "size": "3",
      }
    }
  />
  <CoverageFilter
    isFavorite={true}
    key="coverage"
    query={
      Object {
        "size": "3",
      }
    }
  />
  <DuplicationsFilter
    isFavorite={true}
    key="duplications"
    query={
      Object {
        "size": "3",
      }
    }
  />
  <SizeFilter
    isFavorite={true}
    key="size"
    query={
      Object {
        "size": "3",
      }
    }
    value="3"
  />
  <Connect(LanguagesFilter)
    isFavorite={true}
    query={
      Object {
        "size": "3",
      }
    }
  />
  <TagsFilter
    isFavorite={true}
    query={
      Object {
        "size": "3",
      }
    }
  />
</div>
`;
